// Vitest Snapshot v1

exports[`codegen element > element 1`] = `
"const { toDisplayString:_toDisplayString, createElementVNode:_createElementVNode } = vue
return function render (_ctx, _cache) {return _createElementVNode('div', null, 'hi,' + _toDisplayString(_ctx.message))}"
`;
